// Jest Snapshot v1, https://goo.gl/fbAQLP

exports[`Register Component it should render the component 1`] = `[Function]`;
