// Jest Snapshot v1, https://goo.gl/fbAQLP

exports[`testing vault component it should render the component 1`] = `
<div>
  <div
    className="vault--wrapper"
  >
    <div
      className="container"
    >
      <div
        className="vault-header"
      >
        <h3>
          Welcome, 
          undefined undefined
        </h3>
        <div
          className="search-filed"
        >
          <div
            className="MuiFormControl-root MuiTextField-root css-1u3bzj6-MuiFormControl-root-MuiTextField-root"
          >
            <label
              className="MuiInputLabel-root MuiInputLabel-formControl MuiInputLabel-animated MuiInputLabel-sizeSmall MuiInputLabel-outlined MuiFormLabel-root MuiFormLabel-colorPrimary css-1pysi21-MuiFormLabel-root-MuiInputLabel-root"
              data-shrink={false}
              htmlFor=":r0:"
              id=":r0:-label"
            >
               
            </label>
            <div
              className="MuiOutlinedInput-root MuiInputBase-root MuiInputBase-colorPrimary MuiInputBase-formControl MuiInputBase-sizeSmall MuiInputBase-adornedStart css-1q6at85-MuiInputBase-root-MuiOutlinedInput-root"
              onClick={[Function]}
            >
              <div
                className="MuiInputAdornment-root MuiInputAdornment-positionStart MuiInputAdornment-outlined MuiInputAdornment-sizeSmall css-ittuaa-MuiInputAdornment-root"
              >
                <span
                  className="notranslate"
                >
                  â€‹
                </span>
                <svg
                  aria-hidden={true}
                  className="MuiSvgIcon-root MuiSvgIcon-fontSizeMedium css-i4bv87-MuiSvgIcon-root"
                  data-testid="SearchIcon"
                  focusable="false"
                  viewBox="0 0 24 24"
                >
                  <path
                    d="M15.5 14h-.79l-.28-.27C15.41 12.59 16 11.11 16 9.5 16 5.91 13.09 3 9.5 3S3 5.91 3 9.5 5.91 16 9.5 16c1.61 0 3.09-.59 4.23-1.57l.27.28v.79l5 4.99L20.49 19l-4.99-5zm-6 0C7.01 14 5 11.99 5 9.5S7.01 5 9.5 5 14 7.01 14 9.5 11.99 14 9.5 14z"
                  />
                </svg>
              </div>
              <input
                aria-invalid={false}
                autoFocus={false}
                className="MuiOutlinedInput-input MuiInputBase-input MuiInputBase-inputSizeSmall MuiInputBase-inputAdornedStart css-1ua80n0-MuiInputBase-input-MuiOutlinedInput-input"
                disabled={false}
                id=":r0:"
                onAnimationStart={[Function]}
                onBlur={[Function]}
                onChange={[Function]}
                onFocus={[Function]}
                placeholder="search..."
                required={false}
                type="text"
              />
              <fieldset
                aria-hidden={true}
                className="MuiOutlinedInput-notchedOutline css-1d3z3hw-MuiOutlinedInput-notchedOutline"
              >
                <legend
                  className="css-1ftyaf0"
                >
                  <span>
                     
                  </span>
                </legend>
              </fieldset>
            </div>
          </div>
        </div>
      </div>
      <div
        className="vault-cards-section p-2"
      >
        <div
          className="card--wrapper"
        >
          <div
            className="MuiPaper-root MuiPaper-elevation MuiPaper-rounded MuiPaper-elevation1 MuiCard-root d-card css-1ajek8z-MuiPaper-root-MuiCard-root"
          >
            <div
              className="card-content"
            >
              <div
                className="left-content"
              >
                <h6>
                  All
                </h6>
                <p>
                  Password
                </p>
              </div>
              <div
                className="right-content"
              >
                0
              </div>
            </div>
          </div>
        </div>
        <div
          className="card--wrapper"
        >
          <div
            className="MuiPaper-root MuiPaper-elevation MuiPaper-rounded MuiPaper-elevation1 MuiCard-root d-card css-1mngge0-MuiPaper-root-MuiCard-root"
          >
            <div
              className="card-content"
            >
              <div
                className="left-content"
              >
                <h6>
                  Strong
                </h6>
                <p>
                  Password
                </p>
              </div>
              <div
                className="right-content"
              >
                0
              </div>
            </div>
          </div>
        </div>
        <div
          className="card--wrapper"
        >
          <div
            className="MuiPaper-root MuiPaper-elevation MuiPaper-rounded MuiPaper-elevation1 MuiCard-root d-card css-kq901-MuiPaper-root-MuiCard-root"
          >
            <div
              className="card-content"
            >
              <div
                className="left-content"
              >
                <h6>
                  Week
                </h6>
                <p>
                  Password
                </p>
              </div>
              <div
                className="right-content"
              >
                0
              </div>
            </div>
          </div>
        </div>
        <div
          className="card--wrapper"
        >
          <div
            className="MuiPaper-root MuiPaper-elevation MuiPaper-rounded MuiPaper-elevation1 MuiCard-root d-card css-f5enr4-MuiPaper-root-MuiCard-root"
          >
            <div
              className="card-content"
            >
              <div
                className="left-content"
              >
                <h6>
                  Bad
                </h6>
                <p>
                  Password
                </p>
              </div>
              <div
                className="right-content"
              >
                0
              </div>
            </div>
          </div>
        </div>
      </div>
      <div
        className="vault-body__table mt-2"
      >
        <div>
          <div
            className="MuiPaper-root MuiPaper-elevation MuiPaper-rounded MuiPaper-elevation1 MuiTableContainer-root css-v0tj71-MuiPaper-root-MuiTableContainer-root"
          >
            <table
              className="MuiTable-root MuiTable-stickyHeader css-xn82ks-MuiTable-root"
              role={null}
            >
              <thead
                className="MuiTableHead-root css-197n1ah-MuiTableHead-root"
                role={null}
              >
                <tr
                  className="MuiTableRow-root MuiTableRow-head css-1q1u3t4-MuiTableRow-root"
                  role={null}
                >
                  <th
                    aria-sort={null}
                    className="MuiTableCell-root MuiTableCell-head MuiTableCell-stickyHeader MuiTableCell-sizeMedium css-y8ay40-MuiTableCell-root"
                    scope="col"
                  >
                     
                    <h6>
                      Website
                    </h6>
                     
                  </th>
                  <th
                    aria-sort={null}
                    className="MuiTableCell-root MuiTableCell-head MuiTableCell-stickyHeader MuiTableCell-sizeMedium css-y8ay40-MuiTableCell-root"
                    scope="col"
                  >
                    <h6>
                       password
                    </h6>
                     
                  </th>
                  <th
                    aria-sort={null}
                    className="MuiTableCell-root MuiTableCell-head MuiTableCell-stickyHeader MuiTableCell-sizeMedium css-y8ay40-MuiTableCell-root"
                    scope="col"
                  >
                     
                    <h6>
                      Last Modified
                    </h6>
                     
                  </th>
                  <th
                    aria-sort={null}
                    className="MuiTableCell-root MuiTableCell-head MuiTableCell-stickyHeader MuiTableCell-sizeMedium css-y8ay40-MuiTableCell-root"
                    scope="col"
                  >
                     
                    <h6>
                      Status
                    </h6>
                     
                  </th>
                  <th
                    aria-sort={null}
                    className="MuiTableCell-root MuiTableCell-head MuiTableCell-stickyHeader MuiTableCell-sizeMedium css-y8ay40-MuiTableCell-root"
                    scope="col"
                  >
                    <h6>
                      Actions
                    </h6>
                     
                  </th>
                </tr>
              </thead>
              <tbody
                className="MuiTableBody-root css-apqrd9-MuiTableBody-root"
                data-testid="tableBody"
                role={null}
              >
                <tr
                  className="MuiTableRow-root css-1q1u3t4-MuiTableRow-root"
                  role={null}
                >
                  <td
                    aria-sort={null}
                    className="MuiTableCell-root MuiTableCell-body MuiTableCell-sizeMedium text-center css-1ex1afd-MuiTableCell-root"
                    colSpan={5}
                  >
                    No Data Found
                  </td>
                </tr>
              </tbody>
            </table>
          </div>
        </div>
      </div>
    </div>
  </div>
</div>
`;
